/***********************************************************************************************************************************************************************************************************/
/*                                                                                           SpongePowered MIXIN                                                                                           */
/***********************************************************************************************************************************************************************************************************/
/*                                         Code source : file:/D:/appdata/home/.gradle/caches/modules-2/files-2.1/zone.rong/mixinbooter/10.6/1e66c1799f30239386e5f2ed8b25ab2d9063cdb3/mixinbooter-10.6.jar */
/*                                    Internal Version : 0.8.7                                                                                                                                             */
/*                                        Java Version : 1.8 (supports compatibility 6-8)                                                                                                                  */
/*                         Default Compatibility Level : JAVA_6                                                                                                                                            */
/*                   Max Effective Compatibility Level : JAVA_8                                                                                                                                            */
/*                                Detected ASM Version : ASM 5.2 (ASM5)                                                                                                                                    */
/*                          Detected ASM Supports Java : Up to Java 1.8 (class file version 52.0)                                                                                                          */
/***********************************************************************************************************************************************************************************************************/
/*                                        Service Name : LaunchWrapper                                                                                                                                     */
/*                                 Mixin Service Class : org.spongepowered.asm.service.mojang.MixinServiceLaunchWrapper                                                                                    */
/*                       Global Property Service Class : org.spongepowered.asm.service.mojang.Blackboard                                                                                                   */
/*                                 Logger Adapter Type : Log4j2 (via LaunchWrapper)                                                                                                                        */
/***********************************************************************************************************************************************************************************************************/
/*                                         mixin.debug : <false>                                                                                                                                           */
/*                                  mixin.debug.export : - <true>                                                                                                                                          */
/*                           mixin.debug.export.filter : - - <null>                                                                                                                                        */
/*                        mixin.debug.export.decompile : - - <true>                                                                                                                                        */
/*                  mixin.debug.export.decompile.async : - - - <true>                                                                                                                                      */
/* mixin.debug.export.decompile.mergeGenericSignatures : - - - <true>                                                                                                                                      */
/*                                  mixin.debug.verify : - <false>                                                                                                                                         */
/*                                 mixin.debug.verbose : - <false>                                                                                                                                         */
/*                         mixin.debug.countInjections : - <false>                                                                                                                                         */
/*                                  mixin.debug.strict : - <false>                                                                                                                                         */
/*                           mixin.debug.strict.unique : - - <false>                                                                                                                                       */
/*                          mixin.debug.strict.targets : - - <false>                                                                                                                                       */
/*                                mixin.debug.profiler : - <false>                                                                                                                                         */
/*                           mixin.dumpTargetOnFailure : <false>                                                                                                                                           */
/*                                        mixin.checks : <false>                                                                                                                                           */
/*                             mixin.checks.interfaces : - <true>                                                                                                                                          */
/*                      mixin.checks.interfaces.strict : - - <true>                                                                                                                                        */
/*                             mixin.ignoreConstraints : <false>                                                                                                                                           */
/*                                       mixin.hotSwap : <true>                                                                                                                                            */
/*                                       mixin.env.obf : - <false>                                                                                                                                         */
/*                             mixin.env.disableRefMap : - <false>                                                                                                                                         */
/*                               mixin.env.remapRefMap : - <true>                                                                                                                                          */
/*                       mixin.env.refMapRemappingFile : - <>                                                                                                                                              */
/*                        mixin.env.refMapRemappingEnv : - <searge>                                                                                                                                        */
/*                      mixin.env.allowPermissiveMatch : - <false>                                                                                                                                         */
/*                            mixin.env.ignoreRequired : - <false>                                                                                                                                         */
/*                               mixin.env.compatLevel : - <false>                                                                                                                                         */
/*                          mixin.env.shiftByViolation : - <warn>                                                                                                                                          */
/*                      mixin.initialiserInjectionMode : <default>                                                                                                                                         */
/*               mixin.tunable.classReaderExpandFrames : - <false>                                                                                                                                         */
/***********************************************************************************************************************************************************************************************************/
/*                                    UNSAFE_INJECTION : available=<true> enabled=<true>                                                                                                                   */
/*                       INJECTORS_IN_INTERFACE_MIXINS : available=<true> enabled=<false>                                                                                                                  */
/***********************************************************************************************************************************************************************************************************/
/*                                       Detected Side : CLIENT                                                                                                                                            */
/***********************************************************************************************************************************************************************************************************/
